// Jest Snapshot v1, https://goo.gl/fbAQLP

exports[`Player Controls [Default] matches snapshot 1`] = `
<RNCSafeAreaProvider
  onInsetsChange={[Function]}
  style={
    [
      {
        "flex": 1,
      },
      undefined,
    ]
  }
>
  <View
    collapsable={false}
    pointerEvents="box-none"
    style={
      {
        "flex": 1,
      }
    }
  >
    <View
      style={
        {
          "alignItems": "center",
          "flexDirection": "row",
          "justifyContent": "space-around",
        }
      }
    >
      <Text
        style={
          [
            {
              "textAlign": "left",
            },
            {
              "color": "rgba(28, 27, 31, 1)",
              "writingDirection": "ltr",
            },
            [
              {
                "fontFamily": "Rubik-Regular",
                "fontSize": 11,
                "fontWeight": "500",
                "letterSpacing": 0.5,
                "lineHeight": 16,
              },
              {
                "flex": 1,
                "fontVariant": [
                  "tabular-nums",
                ],
                "textAlign": "center",
              },
            ],
          ]
        }
      >
        0.000
      </Text>
      <RNCSlider
        disabled={false}
        inverted={false}
        lowerLimit={-9007199254740991}
        maximumTrackTintColor="rgba(28, 27, 31, 1)"
        maximumValue={15000}
        minimumTrackTintColor="rgba(103, 80, 164, 1)"
        minimumValue={0}
        onChange={[Function]}
        onRNCSliderAccessibilityAction={null}
        onRNCSliderSlidingComplete={[Function]}
        onRNCSliderSlidingStart={[Function]}
        onRNCSliderValueChange={[Function]}
        onResponderTerminationRequest={[Function]}
        onStartShouldSetResponder={[Function]}
        step={0}
        style={
          [
            {
              "flex": 4,
            },
            {
              "height": 40,
            },
          ]
        }
        tapToSeek={false}
        thumbTintColor="rgba(103, 80, 164, 1)"
        upperLimit={9007199254740991}
        value={0}
      />
      <Text
        style={
          [
            {
              "textAlign": "left",
            },
            {
              "color": "rgba(28, 27, 31, 1)",
              "writingDirection": "ltr",
            },
            [
              {
                "fontFamily": "Rubik-Regular",
                "fontSize": 11,
                "fontWeight": "500",
                "letterSpacing": 0.5,
                "lineHeight": 16,
              },
              {
                "flex": 1,
                "fontVariant": [
                  "tabular-nums",
                ],
                "textAlign": "center",
              },
            ],
          ]
        }
      >
        15.000
      </Text>
    </View>
    <View
      onLayout={[Function]}
      style={
        [
          {},
          {
            "flexDirection": "row",
          },
        ]
      }
    >
      <View
        onLayout={[Function]}
        style={
          [
            {},
            {
              "flex": 1,
            },
          ]
        }
      >
        <View />
      </View>
      <View
        onLayout={[Function]}
        style={
          [
            {},
            {
              "flex": 4,
            },
          ]
        }
      >
        <View
          style={
            {
              "alignItems": "center",
              "flexDirection": "row",
              "justifyContent": "center",
            }
          }
        >
          <View
            collapsable={false}
            style={
              {
                "backgroundColor": "transparent",
                "borderRadius": 20,
                "height": 40,
                "margin": 6,
                "shadowColor": "#000",
                "shadowOffset": {
                  "height": 0,
                  "width": 0,
                },
                "shadowOpacity": 0,
                "shadowRadius": 0,
                "width": 40,
              }
            }
            testID="icon-button-container-outer-layer"
          >
            <View
              collapsable={false}
              style={
                {
                  "backgroundColor": "transparent",
                  "borderColor": "rgba(121, 116, 126, 1)",
                  "borderRadius": 20,
                  "borderWidth": 0,
                  "elevation": 0,
                  "flex": 1,
                  "overflow": "hidden",
                  "shadowColor": "#000",
                  "shadowOffset": {
                    "height": 0,
                    "width": 0,
                  },
                  "shadowOpacity": 0,
                  "shadowRadius": 0,
                }
              }
              testID="icon-button-container"
            >
              <View
                accessibilityComponentType="button"
                accessibilityRole="button"
                accessibilityState={
                  {
                    "busy": undefined,
                    "checked": undefined,
                    "disabled": false,
                    "expanded": undefined,
                    "selected": undefined,
                  }
                }
                accessibilityTraits="button"
                accessibilityValue={
                  {
                    "max": undefined,
                    "min": undefined,
                    "now": undefined,
                    "text": undefined,
                  }
                }
                accessible={true}
                centered={true}
                collapsable={false}
                focusable={true}
                hitSlop={
                  {
                    "bottom": 6,
                    "left": 6,
                    "right": 6,
                    "top": 6,
                  }
                }
                onBlur={[Function]}
                onClick={[Function]}
                onFocus={[Function]}
                onResponderGrant={[Function]}
                onResponderMove={[Function]}
                onResponderRelease={[Function]}
                onResponderTerminate={[Function]}
                onResponderTerminationRequest={[Function]}
                onStartShouldSetResponder={[Function]}
                style={
                  [
                    {
                      "overflow": "hidden",
                    },
                    [
                      {
                        "alignItems": "center",
                        "flexGrow": 1,
                        "justifyContent": "center",
                      },
                      {
                        "borderRadius": 20,
                      },
                    ],
                  ]
                }
                testID="icon-button"
              >
                <Text
                  allowFontScaling={false}
                  selectable={false}
                  style={
                    [
                      {
                        "color": "rgba(73, 69, 79, 1)",
                        "fontSize": 24,
                      },
                      undefined,
                      {
                        "fontFamily": "Entypo",
                        "fontStyle": "normal",
                        "fontWeight": "normal",
                      },
                      {},
                    ]
                  }
                >
                  ï…¡
                </Text>
              </View>
            </View>
          </View>
          <View
            collapsable={false}
            style={
              {
                "backgroundColor": "transparent",
                "borderRadius": 20,
                "height": 40,
                "margin": 6,
                "shadowColor": "#000",
                "shadowOffset": {
                  "height": 0,
                  "width": 0,
                },
                "shadowOpacity": 0,
                "shadowRadius": 0,
                "width": 40,
              }
            }
            testID="icon-button-container-outer-layer"
          >
            <View
              collapsable={false}
              style={
                {
                  "backgroundColor": "transparent",
                  "borderColor": "rgba(121, 116, 126, 1)",
                  "borderRadius": 20,
                  "borderWidth": 0,
                  "elevation": 0,
                  "flex": 1,
                  "overflow": "hidden",
                  "shadowColor": "#000",
                  "shadowOffset": {
                    "height": 0,
                    "width": 0,
                  },
                  "shadowOpacity": 0,
                  "shadowRadius": 0,
                }
              }
              testID="icon-button-container"
            >
              <View
                accessibilityComponentType="button"
                accessibilityRole="button"
                accessibilityState={
                  {
                    "busy": undefined,
                    "checked": undefined,
                    "disabled": false,
                    "expanded": undefined,
                    "selected": undefined,
                  }
                }
                accessibilityTraits="button"
                accessibilityValue={
                  {
                    "max": undefined,
                    "min": undefined,
                    "now": undefined,
                    "text": undefined,
                  }
                }
                accessible={true}
                centered={true}
                collapsable={false}
                focusable={true}
                hitSlop={
                  {
                    "bottom": 6,
                    "left": 6,
                    "right": 6,
                    "top": 6,
                  }
                }
                onBlur={[Function]}
                onClick={[Function]}
                onFocus={[Function]}
                onResponderGrant={[Function]}
                onResponderMove={[Function]}
                onResponderRelease={[Function]}
                onResponderTerminate={[Function]}
                onResponderTerminationRequest={[Function]}
                onStartShouldSetResponder={[Function]}
                style={
                  [
                    {
                      "overflow": "hidden",
                    },
                    [
                      {
                        "alignItems": "center",
                        "flexGrow": 1,
                        "justifyContent": "center",
                      },
                      {
                        "borderRadius": 20,
                      },
                    ],
                  ]
                }
                testID="icon-button"
              >
                <Text
                  allowFontScaling={false}
                  selectable={false}
                  style={
                    [
                      {
                        "color": "rgba(73, 69, 79, 1)",
                        "fontSize": 24,
                      },
                      undefined,
                      {
                        "fontFamily": "Entypo",
                        "fontStyle": "normal",
                        "fontWeight": "normal",
                      },
                      {},
                    ]
                  }
                >
                  ï…Ÿ
                </Text>
              </View>
            </View>
          </View>
          <View
            collapsable={false}
            style={
              {
                "backgroundColor": "transparent",
                "borderRadius": 20,
                "height": 40,
                "margin": 6,
                "shadowColor": "#000",
                "shadowOffset": {
                  "height": 0,
                  "width": 0,
                },
                "shadowOpacity": 0,
                "shadowRadius": 0,
                "width": 40,
              }
            }
            testID="icon-button-container-outer-layer"
          >
            <View
              collapsable={false}
              style={
                {
                  "backgroundColor": "transparent",
                  "borderColor": "rgba(121, 116, 126, 1)",
                  "borderRadius": 20,
                  "borderWidth": 0,
                  "elevation": 0,
                  "flex": 1,
                  "overflow": "hidden",
                  "shadowColor": "#000",
                  "shadowOffset": {
                    "height": 0,
                    "width": 0,
                  },
                  "shadowOpacity": 0,
                  "shadowRadius": 0,
                }
              }
              testID="icon-button-container"
            >
              <View
                accessibilityComponentType="button"
                accessibilityRole="button"
                accessibilityState={
                  {
                    "busy": undefined,
                    "checked": undefined,
                    "disabled": false,
                    "expanded": undefined,
                    "selected": undefined,
                  }
                }
                accessibilityTraits="button"
                accessibilityValue={
                  {
                    "max": undefined,
                    "min": undefined,
                    "now": undefined,
                    "text": undefined,
                  }
                }
                accessible={true}
                centered={true}
                collapsable={false}
                focusable={true}
                hitSlop={
                  {
                    "bottom": 6,
                    "left": 6,
                    "right": 6,
                    "top": 6,
                  }
                }
                onBlur={[Function]}
                onClick={[Function]}
                onFocus={[Function]}
                onResponderGrant={[Function]}
                onResponderMove={[Function]}
                onResponderRelease={[Function]}
                onResponderTerminate={[Function]}
                onResponderTerminationRequest={[Function]}
                onStartShouldSetResponder={[Function]}
                style={
                  [
                    {
                      "overflow": "hidden",
                    },
                    [
                      {
                        "alignItems": "center",
                        "flexGrow": 1,
                        "justifyContent": "center",
                      },
                      {
                        "borderRadius": 20,
                      },
                    ],
                  ]
                }
                testID="icon-button"
              >
                <View
                  style={
                    [
                      {
                        "alignItems": "center",
                        "justifyContent": "center",
                      },
                      {
                        "height": 24,
                        "width": 24,
                      },
                    ]
                  }
                >
                  <View
                    collapsable={false}
                    style={
                      {
                        "bottom": 0,
                        "left": 0,
                        "opacity": 1,
                        "position": "absolute",
                        "right": 0,
                        "top": 0,
                        "transform": [
                          {
                            "rotate": "0deg",
                          },
                        ],
                      }
                    }
                    testID="cross-fade-icon-current"
                  >
                    <Text
                      allowFontScaling={false}
                      selectable={false}
                      style={
                        [
                          {
                            "color": "rgba(73, 69, 79, 1)",
                            "fontSize": 24,
                          },
                          undefined,
                          {
                            "fontFamily": "Entypo",
                            "fontStyle": "normal",
                            "fontWeight": "normal",
                          },
                          {},
                        ]
                      }
                    >
                      ï…¤
                    </Text>
                  </View>
                </View>
              </View>
            </View>
          </View>
          <View
            collapsable={false}
            style={
              {
                "backgroundColor": "transparent",
                "borderRadius": 20,
                "height": 40,
                "margin": 6,
                "shadowColor": "#000",
                "shadowOffset": {
                  "height": 0,
                  "width": 0,
                },
                "shadowOpacity": 0,
                "shadowRadius": 0,
                "width": 40,
              }
            }
            testID="icon-button-container-outer-layer"
          >
            <View
              collapsable={false}
              style={
                {
                  "backgroundColor": "transparent",
                  "borderColor": "rgba(121, 116, 126, 1)",
                  "borderRadius": 20,
                  "borderWidth": 0,
                  "elevation": 0,
                  "flex": 1,
                  "overflow": "hidden",
                  "shadowColor": "#000",
                  "shadowOffset": {
                    "height": 0,
                    "width": 0,
                  },
                  "shadowOpacity": 0,
                  "shadowRadius": 0,
                }
              }
              testID="icon-button-container"
            >
              <View
                accessibilityComponentType="button"
                accessibilityRole="button"
                accessibilityState={
                  {
                    "busy": undefined,
                    "checked": undefined,
                    "disabled": false,
                    "expanded": undefined,
                    "selected": undefined,
                  }
                }
                accessibilityTraits="button"
                accessibilityValue={
                  {
                    "max": undefined,
                    "min": undefined,
                    "now": undefined,
                    "text": undefined,
                  }
                }
                accessible={true}
                centered={true}
                collapsable={false}
                focusable={true}
                hitSlop={
                  {
                    "bottom": 6,
                    "left": 6,
                    "right": 6,
                    "top": 6,
                  }
                }
                onBlur={[Function]}
                onClick={[Function]}
                onFocus={[Function]}
                onResponderGrant={[Function]}
                onResponderMove={[Function]}
                onResponderRelease={[Function]}
                onResponderTerminate={[Function]}
                onResponderTerminationRequest={[Function]}
                onStartShouldSetResponder={[Function]}
                style={
                  [
                    {
                      "overflow": "hidden",
                    },
                    [
                      {
                        "alignItems": "center",
                        "flexGrow": 1,
                        "justifyContent": "center",
                      },
                      {
                        "borderRadius": 20,
                      },
                    ],
                  ]
                }
                testID="icon-button"
              >
                <Text
                  allowFontScaling={false}
                  selectable={false}
                  style={
                    [
                      {
                        "color": "rgba(73, 69, 79, 1)",
                        "fontSize": 24,
                      },
                      undefined,
                      {
                        "fontFamily": "Entypo",
                        "fontStyle": "normal",
                        "fontWeight": "normal",
                      },
                      {},
                    ]
                  }
                >
                  ï… 
                </Text>
              </View>
            </View>
          </View>
          <View
            collapsable={false}
            style={
              {
                "backgroundColor": "transparent",
                "borderRadius": 20,
                "height": 40,
                "margin": 6,
                "shadowColor": "#000",
                "shadowOffset": {
                  "height": 0,
                  "width": 0,
                },
                "shadowOpacity": 0,
                "shadowRadius": 0,
                "width": 40,
              }
            }
            testID="icon-button-container-outer-layer"
          >
            <View
              collapsable={false}
              style={
                {
                  "backgroundColor": "transparent",
                  "borderColor": "rgba(121, 116, 126, 1)",
                  "borderRadius": 20,
                  "borderWidth": 0,
                  "elevation": 0,
                  "flex": 1,
                  "overflow": "hidden",
                  "shadowColor": "#000",
                  "shadowOffset": {
                    "height": 0,
                    "width": 0,
                  },
                  "shadowOpacity": 0,
                  "shadowRadius": 0,
                }
              }
              testID="icon-button-container"
            >
              <View
                accessibilityComponentType="button"
                accessibilityRole="button"
                accessibilityState={
                  {
                    "busy": undefined,
                    "checked": undefined,
                    "disabled": false,
                    "expanded": undefined,
                    "selected": undefined,
                  }
                }
                accessibilityTraits="button"
                accessibilityValue={
                  {
                    "max": undefined,
                    "min": undefined,
                    "now": undefined,
                    "text": undefined,
                  }
                }
                accessible={true}
                centered={true}
                collapsable={false}
                focusable={true}
                hitSlop={
                  {
                    "bottom": 6,
                    "left": 6,
                    "right": 6,
                    "top": 6,
                  }
                }
                onBlur={[Function]}
                onClick={[Function]}
                onFocus={[Function]}
                onResponderGrant={[Function]}
                onResponderMove={[Function]}
                onResponderRelease={[Function]}
                onResponderTerminate={[Function]}
                onResponderTerminationRequest={[Function]}
                onStartShouldSetResponder={[Function]}
                style={
                  [
                    {
                      "overflow": "hidden",
                    },
                    [
                      {
                        "alignItems": "center",
                        "flexGrow": 1,
                        "justifyContent": "center",
                      },
                      {
                        "borderRadius": 20,
                      },
                    ],
                  ]
                }
                testID="icon-button"
              >
                <Text
                  allowFontScaling={false}
                  selectable={false}
                  style={
                    [
                      {
                        "color": "rgba(73, 69, 79, 1)",
                        "fontSize": 24,
                      },
                      undefined,
                      {
                        "fontFamily": "Entypo",
                        "fontStyle": "normal",
                        "fontWeight": "normal",
                      },
                      {},
                    ]
                  }
                >
                  ï…¢
                </Text>
              </View>
            </View>
          </View>
        </View>
      </View>
      <View
        onLayout={[Function]}
        style={
          [
            {},
            {
              "flex": 1,
            },
          ]
        }
      >
        <View
          accessibilityState={
            {
              "busy": undefined,
              "checked": undefined,
              "disabled": undefined,
              "expanded": undefined,
              "selected": undefined,
            }
          }
          accessibilityValue={
            {
              "max": undefined,
              "min": undefined,
              "now": undefined,
              "text": undefined,
            }
          }
          accessible={true}
          collapsable={false}
          focusable={true}
          onBlur={[Function]}
          onClick={[Function]}
          onFocus={[Function]}
          onResponderGrant={[Function]}
          onResponderMove={[Function]}
          onResponderRelease={[Function]}
          onResponderTerminate={[Function]}
          onResponderTerminationRequest={[Function]}
          onStartShouldSetResponder={[Function]}
          style={
            {
              "alignItems": "center",
              "flex": 1,
              "justifyContent": "center",
            }
          }
        >
          <Text
            numberOfLines={1}
            style={
              [
                {
                  "textAlign": "left",
                },
                {
                  "color": "rgba(28, 27, 31, 1)",
                  "writingDirection": "ltr",
                },
                [
                  {
                    "fontFamily": "Rubik-Regular",
                    "fontSize": 12,
                    "fontWeight": "400",
                    "letterSpacing": 0.4,
                    "lineHeight": 16,
                  },
                  {
                    "color": "rgba(103, 80, 164, 1)",
                  },
                ],
              ]
            }
          >
            1x
          </Text>
        </View>
      </View>
    </View>
  </View>
</RNCSafeAreaProvider>
`;
